Archive member included to satisfy reference by file (symbol)

C:/ST/STM32CubeIDE_1.17.0/STM32CubeIDE/plugins/com.st.stm32cube.ide.mcu.externaltools.gnu-tools-for-stm32.12.3.rel1.win32_1.1.0.202410251130/tools/bin/../lib/gcc/arm-none-eabi/12.3.1/../../../../arm-none-eabi/lib/thumb/v7e-m+dp/hard\libc_nano.a(libc_a-exit.o)
                              C:/ST/STM32CubeIDE_1.17.0/STM32CubeIDE/plugins/com.st.stm32cube.ide.mcu.externaltools.gnu-tools-for-stm32.12.3.rel1.win32_1.1.0.202410251130/tools/bin/../lib/gcc/arm-none-eabi/12.3.1/../../../../arm-none-eabi/lib/thumb/v7e-m+dp/hard/crt0.o (exit)
C:/ST/STM32CubeIDE_1.17.0/STM32CubeIDE/plugins/com.st.stm32cube.ide.mcu.externaltools.gnu-tools-for-stm32.12.3.rel1.win32_1.1.0.202410251130/tools/bin/../lib/gcc/arm-none-eabi/12.3.1/../../../../arm-none-eabi/lib/thumb/v7e-m+dp/hard\libc_nano.a(libc_a-findfp.o)
                              C:/ST/STM32CubeIDE_1.17.0/STM32CubeIDE/plugins/com.st.stm32cube.ide.mcu.externaltools.gnu-tools-for-stm32.12.3.rel1.win32_1.1.0.202410251130/tools/bin/../lib/gcc/arm-none-eabi/12.3.1/../../../../arm-none-eabi/lib/thumb/v7e-m+dp/hard\libc_nano.a(libc_a-exit.o) (__stdio_exit_handler)
C:/ST/STM32CubeIDE_1.17.0/STM32CubeIDE/plugins/com.st.stm32cube.ide.mcu.externaltools.gnu-tools-for-stm32.12.3.rel1.win32_1.1.0.202410251130/tools/bin/../lib/gcc/arm-none-eabi/12.3.1/../../../../arm-none-eabi/lib/thumb/v7e-m+dp/hard\libc_nano.a(libc_a-fwalk.o)
                              C:/ST/STM32CubeIDE_1.17.0/STM32CubeIDE/plugins/com.st.stm32cube.ide.mcu.externaltools.gnu-tools-for-stm32.12.3.rel1.win32_1.1.0.202410251130/tools/bin/../lib/gcc/arm-none-eabi/12.3.1/../../../../arm-none-eabi/lib/thumb/v7e-m+dp/hard\libc_nano.a(libc_a-findfp.o) (_fwalk_sglue)
C:/ST/STM32CubeIDE_1.17.0/STM32CubeIDE/plugins/com.st.stm32cube.ide.mcu.externaltools.gnu-tools-for-stm32.12.3.rel1.win32_1.1.0.202410251130/tools/bin/../lib/gcc/arm-none-eabi/12.3.1/../../../../arm-none-eabi/lib/thumb/v7e-m+dp/hard\libc_nano.a(libc_a-stdio.o)
                              C:/ST/STM32CubeIDE_1.17.0/STM32CubeIDE/plugins/com.st.stm32cube.ide.mcu.externaltools.gnu-tools-for-stm32.12.3.rel1.win32_1.1.0.202410251130/tools/bin/../lib/gcc/arm-none-eabi/12.3.1/../../../../arm-none-eabi/lib/thumb/v7e-m+dp/hard\libc_nano.a(libc_a-findfp.o) (__sread)
C:/ST/STM32CubeIDE_1.17.0/STM32CubeIDE/plugins/com.st.stm32cube.ide.mcu.externaltools.gnu-tools-for-stm32.12.3.rel1.win32_1.1.0.202410251130/tools/bin/../lib/gcc/arm-none-eabi/12.3.1/../../../../arm-none-eabi/lib/thumb/v7e-m+dp/hard\libc_nano.a(libc_a-memset.o)
                              C:/ST/STM32CubeIDE_1.17.0/STM32CubeIDE/plugins/com.st.stm32cube.ide.mcu.externaltools.gnu-tools-for-stm32.12.3.rel1.win32_1.1.0.202410251130/tools/bin/../lib/gcc/arm-none-eabi/12.3.1/../../../../arm-none-eabi/lib/thumb/v7e-m+dp/hard/crt0.o (memset)
C:/ST/STM32CubeIDE_1.17.0/STM32CubeIDE/plugins/com.st.stm32cube.ide.mcu.externaltools.gnu-tools-for-stm32.12.3.rel1.win32_1.1.0.202410251130/tools/bin/../lib/gcc/arm-none-eabi/12.3.1/../../../../arm-none-eabi/lib/thumb/v7e-m+dp/hard\libc_nano.a(libc_a-closer.o)
                              C:/ST/STM32CubeIDE_1.17.0/STM32CubeIDE/plugins/com.st.stm32cube.ide.mcu.externaltools.gnu-tools-for-stm32.12.3.rel1.win32_1.1.0.202410251130/tools/bin/../lib/gcc/arm-none-eabi/12.3.1/../../../../arm-none-eabi/lib/thumb/v7e-m+dp/hard\libc_nano.a(libc_a-stdio.o) (_close_r)
C:/ST/STM32CubeIDE_1.17.0/STM32CubeIDE/plugins/com.st.stm32cube.ide.mcu.externaltools.gnu-tools-for-stm32.12.3.rel1.win32_1.1.0.202410251130/tools/bin/../lib/gcc/arm-none-eabi/12.3.1/../../../../arm-none-eabi/lib/thumb/v7e-m+dp/hard\libc_nano.a(libc_a-reent.o)
                              C:/ST/STM32CubeIDE_1.17.0/STM32CubeIDE/plugins/com.st.stm32cube.ide.mcu.externaltools.gnu-tools-for-stm32.12.3.rel1.win32_1.1.0.202410251130/tools/bin/../lib/gcc/arm-none-eabi/12.3.1/../../../../arm-none-eabi/lib/thumb/v7e-m+dp/hard\libc_nano.a(libc_a-closer.o) (errno)
C:/ST/STM32CubeIDE_1.17.0/STM32CubeIDE/plugins/com.st.stm32cube.ide.mcu.externaltools.gnu-tools-for-stm32.12.3.rel1.win32_1.1.0.202410251130/tools/bin/../lib/gcc/arm-none-eabi/12.3.1/../../../../arm-none-eabi/lib/thumb/v7e-m+dp/hard\libc_nano.a(libc_a-impure.o)
                              C:/ST/STM32CubeIDE_1.17.0/STM32CubeIDE/plugins/com.st.stm32cube.ide.mcu.externaltools.gnu-tools-for-stm32.12.3.rel1.win32_1.1.0.202410251130/tools/bin/../lib/gcc/arm-none-eabi/12.3.1/../../../../arm-none-eabi/lib/thumb/v7e-m+dp/hard\libc_nano.a(libc_a-reent.o) (_impure_ptr)
C:/ST/STM32CubeIDE_1.17.0/STM32CubeIDE/plugins/com.st.stm32cube.ide.mcu.externaltools.gnu-tools-for-stm32.12.3.rel1.win32_1.1.0.202410251130/tools/bin/../lib/gcc/arm-none-eabi/12.3.1/../../../../arm-none-eabi/lib/thumb/v7e-m+dp/hard\libc_nano.a(libc_a-lseekr.o)
[...]
Memory Configuration

Name             Origin             Length             Attributes
RAM              0x20000000         0x00080000         xrw
FLASH            0x08000000         0x00100000         xr
DATAFLASH        0x08100000         0x00100000         xr
*default*        0x00000000         0xffffffff

Linker script and memory map

LOAD C:/ST/STM32CubeIDE_1.17.0/STM32CubeIDE/plugins/com.st.stm32cube.ide.mcu.externaltools.gnu-tools-for-stm32.12.3.rel1.win32_1.1.0.202410251130/tools/bin/../lib/gcc/arm-none-eabi/12.3.1/thumb/v7e-m+dp/hard/crti.o
LOAD C:/ST/STM32CubeIDE_1.17.0/STM32CubeIDE/plugins/com.st.stm32cube.ide.mcu.externaltools.gnu-tools-for-stm32.12.3.rel1.win32_1.1.0.202410251130/tools/bin/../lib/gcc/arm-none-eabi/12.3.1/thumb/v7e-m+dp/hard/crtbegin.o
LOAD C:/ST/STM32CubeIDE_1.17.0/STM32CubeIDE/plugins/com.st.stm32cube.ide.mcu.externaltools.gnu-tools-for-stm32.12.3.rel1.win32_1.1.0.202410251130/tools/bin/../lib/gcc/arm-none-eabi/12.3.1/../../../../arm-none-eabi/lib/thumb/v7e-m+dp/hard/crt0.o
LOAD ./Core/Src/main.o
LOAD ./Core/Src/qspi.o
LOAD ./Core/Src/stm32f7xx_hal_msp.o
LOAD ./Core/Src/stm32f7xx_it.o
LOAD ./Core/Src/syscalls.o
LOAD ./Core/Src/sysmem.o
LOAD ./Core/Src/system_stm32f7xx.o
LOAD ./Core/Startup/startup_stm32f767zitx.o
LOAD ./Drivers/STM32F7xx_HAL_Driver/Src/stm32f7xx_hal.o
LOAD ./Drivers/STM32F7xx_HAL_Driver/Src/stm32f7xx_hal_cortex.o
LOAD ./Drivers/STM32F7xx_HAL_Driver/Src/stm32f7xx_hal_dma.o
LOAD ./Drivers/STM32F7xx_HAL_Driver/Src/stm32f7xx_hal_dma_ex.o
LOAD ./Drivers/STM32F7xx_HAL_Driver/Src/stm32f7xx_hal_eth.o
LOAD ./Drivers/STM32F7xx_HAL_Driver/Src/stm32f7xx_hal_exti.o
LOAD ./Drivers/STM32F7xx_HAL_Driver/Src/stm32f7xx_hal_flash.o
LOAD ./Drivers/STM32F7xx_HAL_Driver/Src/stm32f7xx_hal_flash_ex.o
LOAD ./Drivers/STM32F7xx_HAL_Driver/Src/stm32f7xx_hal_gpio.o
LOAD ./Drivers/STM32F7xx_HAL_Driver/Src/stm32f7xx_hal_i2c.o
LOAD ./Drivers/STM32F7xx_HAL_Driver/Src/stm32f7xx_hal_i2c_ex.o
LOAD ./Drivers/STM32F7xx_HAL_Driver/Src/stm32f7xx_hal_pcd.o
LOAD ./Drivers/STM32F7xx_HAL_Driver/Src/stm32f7xx_hal_pcd_ex.o
LOAD ./Drivers/STM32F7xx_HAL_Driver/Src/stm32f7xx_hal_pwr.o
LOAD ./Drivers/STM32F7xx_HAL_Driver/Src/stm32f7xx_hal_pwr_ex.o
LOAD ./Drivers/STM32F7xx_HAL_Driver/Src/stm32f7xx_hal_qspi.o
LOAD ./Drivers/STM32F7xx_HAL_Driver/Src/stm32f7xx_hal_rcc.o
LOAD ./Drivers/STM32F7xx_HAL_Driver/Src/stm32f7xx_hal_rcc_ex.o
LOAD ./Drivers/STM32F7xx_HAL_Driver/Src/stm32f7xx_hal_uart.o
LOAD ./Drivers/STM32F7xx_HAL_Driver/Src/stm32f7xx_hal_uart_ex.o
LOAD ./Drivers/STM32F7xx_HAL_Driver/Src/stm32f7xx_ll_usb.o
START GROUP
LOAD C:/ST/STM32CubeIDE_1.17.0/STM32CubeIDE/plugins/com.st.stm32cube.ide.mcu.externaltools.gnu-tools-for-stm32.12.3.rel1.win32_1.1.0.202410251130/tools/bin/../lib/gcc/arm-none-eabi/12.3.1/../../../../arm-none-eabi/lib/thumb/v7e-m+dp/hard\libc_nano.a
LOAD C:/ST/STM32CubeIDE_1.17.0/STM32CubeIDE/plugins/com.st.stm32cube.ide.mcu.externaltools.gnu-tools-for-stm32.12.3.rel1.win32_1.1.0.202410251130/tools/bin/../lib/gcc/arm-none-eabi/12.3.1/../../../../arm-none-eabi/lib/thumb/v7e-m+dp/hard\libm.a
END GROUP
START GROUP
LOAD C:/ST/STM32CubeIDE_1.17.0/STM32CubeIDE/plugins/com.st.stm32cube.ide.mcu.externaltools.gnu-tools-for-stm32.12.3.rel1.win32_1.1.0.202410251130/tools/bin/../lib/gcc/arm-none-eabi/12.3.1/thumb/v7e-m+dp/hard\libgcc.a
LOAD C:/ST/STM32CubeIDE_1.17.0/STM32CubeIDE/plugins/com.st.stm32cube.ide.mcu.externaltools.gnu-tools-for-stm32.12.3.rel1.win32_1.1.0.202410251130/tools/bin/../lib/gcc/arm-none-eabi/12.3.1/../../../../arm-none-eabi/lib/thumb/v7e-m+dp/hard\libc_nano.a
END GROUP
START GROUP
LOAD C:/ST/STM32CubeIDE_1.17.0/STM32CubeIDE/plugins/com.st.stm32cube.ide.mcu.externaltools.gnu-tools-for-stm32.12.3.rel1.win32_1.1.0.202410251130/tools/bin/../lib/gcc/arm-none-eabi/12.3.1/thumb/v7e-m+dp/hard\libgcc.a
LOAD C:/ST/STM32CubeIDE_1.17.0/STM32CubeIDE/plugins/com.st.stm32cube.ide.mcu.externaltools.gnu-tools-for-stm32.12.3.rel1.win32_1.1.0.202410251130/tools/bin/../lib/gcc/arm-none-eabi/12.3.1/../../../../arm-none-eabi/lib/thumb/v7e-m+dp/hard\libc_nano.a
LOAD C:/ST/STM32CubeIDE_1.17.0/STM32CubeIDE/plugins/com.st.stm32cube.ide.mcu.externaltools.gnu-tools-for-stm32.12.3.rel1.win32_1.1.0.202410251130/tools/bin/../lib/gcc/arm-none-eabi/12.3.1/../../../../arm-none-eabi/lib/thumb/v7e-m+dp/hard\libnosys.a
END GROUP
START GROUP
LOAD C:/ST/STM32CubeIDE_1.17.0/STM32CubeIDE/plugins/com.st.stm32cube.ide.mcu.externaltools.gnu-tools-for-stm32.12.3.rel1.win32_1.1.0.202410251130/tools/bin/../lib/gcc/arm-none-eabi/12.3.1/thumb/v7e-m+dp/hard\libgcc.a
LOAD C:/ST/STM32CubeIDE_1.17.0/STM32CubeIDE/plugins/com.st.stm32cube.ide.mcu.externaltools.gnu-tools-for-stm32.12.3.rel1.win32_1.1.0.202410251130/tools/bin/../lib/gcc/arm-none-eabi/12.3.1/../../../../arm-none-eabi/lib/thumb/v7e-m+dp/hard\libc_nano.a
LOAD C:/ST/STM32CubeIDE_1.17.0/STM32CubeIDE/plugins/com.st.stm32cube.ide.mcu.externaltools.gnu-tools-for-stm32.12.3.rel1.win32_1.1.0.202410251130/tools/bin/../lib/gcc/arm-none-eabi/12.3.1/../../../../arm-none-eabi/lib/thumb/v7e-m+dp/hard\libnosys.a
END GROUP
LOAD C:/ST/STM32CubeIDE_1.17.0/STM32CubeIDE/plugins/com.st.stm32cube.ide.mcu.externaltools.gnu-tools-for-stm32.12.3.rel1.win32_1.1.0.202410251130/tools/bin/../lib/gcc/arm-none-eabi/12.3.1/thumb/v7e-m+dp/hard/crtend.o
LOAD C:/ST/STM32CubeIDE_1.17.0/STM32CubeIDE/plugins/com.st.stm32cube.ide.mcu.externaltools.gnu-tools-for-stm32.12.3.rel1.win32_1.1.0.202410251130/tools/bin/../lib/gcc/arm-none-eabi/12.3.1/thumb/v7e-m+dp/hard/crtn.o
                0x20080000                        _estack = (ORIGIN (RAM) + LENGTH (RAM))
                0x00002000                        _Min_Heap_Size = 0x2000
                0x00004000                        _Min_Stack_Size = 0x4000

.isr_vector     0x08000000      0x1f8
                0x08000000                        . = ALIGN (0x4)
 *(.isr_vector)
 .isr_vector    0x08000000      0x1f8 ./Core/Startup/startup_stm32f767zitx.o
                0x08000000                g_pfnVectors
                0x080001f8                        . = ALIGN (0x4)

.text           0x080001f8     0x49bc
                0x080001f8                        . = ALIGN (0x4)
 *(.text)
 .text          0x080001f8       0x40 C:/ST/STM32CubeIDE_1.17.0/STM32CubeIDE/plugins/com.st.stm32cube.ide.mcu.externaltools.gnu-tools-for-stm32.12.3.rel1.win32_1.1.0.202410251130/tools/bin/../lib/gcc/arm-none-eabi/12.3.1/thumb/v7e-m+dp/hard/crtbegin.o
 .text          0x08000238       0x30 C:/ST/STM32CubeIDE_1.17.0/STM32CubeIDE/plugins/com.st.stm32cube.ide.mcu.externaltools.gnu-tools-for-stm32.12.3.rel1.win32_1.1.0.202410251130/tools/bin/../lib/gcc/arm-none-eabi/12.3.1/thumb/v7e-m+dp/hard\libgcc.a(_aeabi_uldivmod.o)
                0x08000238                __aeabi_uldivmod
 .text          0x08000268      0x2bc C:/ST/STM32CubeIDE_1.17.0/STM32CubeIDE/plugins/com.st.stm32cube.ide.mcu.externaltools.gnu-tools-for-stm32.12.3.rel1.win32_1.1.0.202410251130/tools/bin/../lib/gcc/arm-none-eabi/12.3.1/thumb/v7e-m+dp/hard\libgcc.a(_udivmoddi4.o)
                0x08000268                __udivmoddi4
 .text          0x08000524        0x4 C:/ST/STM32CubeIDE_1.17.0/STM32CubeIDE/plugins/com.st.stm32cube.ide.mcu.externaltools.gnu-tools-for-stm32.12.3.rel1.win32_1.1.0.202410251130/tools/bin/../lib/gcc/arm-none-eabi/12.3.1/thumb/v7e-m+dp/hard\libgcc.a(_dvmd_tls.o)
                0x08000524                __aeabi_idiv0
                0x08000524                __aeabi_ldiv0
 *(.text*)
 .text.main     0x08000528       0x7c ./Core/Src/main.o
                0x08000528                main
 .text.SystemClock_Config
                0x080005a4       0xe0 ./Core/Src/main.o
                0x080005a4                SystemClock_Config
 .text.MX_ETH_Init
                0x08000684       0x9c ./Core/Src/main.o
 .text.MX_QUADSPI_Init
                0x08000720       0x58 ./Core/Src/main.o
 .text.MX_USART3_UART_Init
                0x08000778       0x60 ./Core/Src/main.o
 .text.MX_USB_OTG_FS_PCD_Init
                0x080007d8       0x5c ./Core/Src/main.o
 .text.MX_GPIO_Init
                0x08000834      0x1dc ./Core/Src/main.o
 .text.Error_Handler
                0x08000a10        0xc ./Core/Src/main.o
                0x08000a10                Error_Handler
 .text.config_qspi_indirect_write_1L
                0x08000a1c       0xc8 ./Core/Src/qspi.o
                0x08000a1c                config_qspi_indirect_write_1L
 .text.config_qspi_indirect_read_1L
                0x08000ae4       0xdc ./Core/Src/qspi.o
                0x08000ae4                config_qspi_indirect_read_1L
 .text.qspi_command_RDSR1
                0x08000bc0       0x48 ./Core/Src/qspi.o
                0x08000bc0                qspi_command_RDSR1
 .text.qspi_command_RDCR
                0x08000c08       0x48 ./Core/Src/qspi.o
                0x08000c08                qspi_command_RDCR
 .text.qspi_command_WREN
                0x08000c50       0x40 ./Core/Src/qspi.o
                0x08000c50                qspi_command_WREN
 .text.qspi_command_WRR
                0x08000c90       0x5c ./Core/Src/qspi.o
                0x08000c90                qspi_command_WRR
 .text.HAL_MspInit
                0x08000cec       0x48 ./Core/Src/stm32f7xx_hal_msp.o
                0x08000cec                HAL_MspInit
 .text.HAL_ETH_MspInit
                0x08000d34      0x170 ./Core/Src/stm32f7xx_hal_msp.o
                0x08000d34                HAL_ETH_MspInit
 .text.HAL_QSPI_MspInit
                0x08000ea4       0xf8 ./Core/Src/stm32f7xx_hal_msp.o
                0x08000ea4                HAL_QSPI_MspInit
 .text.HAL_UART_MspInit
                0x08000f9c       0xc0 ./Core/Src/stm32f7xx_hal_msp.o
                0x08000f9c                HAL_UART_MspInit
 .text.HAL_PCD_MspInit
                0x0800105c       0xf4 ./Core/Src/stm32f7xx_hal_msp.o
                0x0800105c                HAL_PCD_MspInit
 .text.NMI_Handler
                0x08001150        0x8 ./Core/Src/stm32f7xx_it.o
                0x08001150                NMI_Handler
 .text.HardFault_Handler
                0x08001158        0x8 ./Core/Src/stm32f7xx_it.o
                0x08001158                HardFault_Handler
 .text.MemManage_Handler
                0x08001160        0x8 ./Core/Src/stm32f7xx_it.o
                0x08001160                MemManage_Handler
 .text.BusFault_Handler
                0x08001168        0x8 ./Core/Src/stm32f7xx_it.o
                0x08001168                BusFault_Handler
 .text.UsageFault_Handler
                0x08001170        0x8 ./Core/Src/stm32f7xx_it.o
                0x08001170                UsageFault_Handler
 .text.SVC_Handler
                0x08001178        0xe ./Core/Src/stm32f7xx_it.o
                0x08001178                SVC_Handler
 .text.DebugMon_Handler
                0x08001186        0xe ./Core/Src/stm32f7xx_it.o
                0x08001186                DebugMon_Handler
 .text.PendSV_Handler
                0x08001194        0xe ./Core/Src/stm32f7xx_it.o
                0x08001194                PendSV_Handler
 .text.SysTick_Handler
                0x080011a2        0xc ./Core/Src/stm32f7xx_it.o
                0x080011a2                SysTick_Handler
 *fill*         0x080011ae        0x2 
 .text.EXTI1_IRQHandler
                0x080011b0       0x48 ./Core/Src/stm32f7xx_it.o
                0x080011b0                EXTI1_IRQHandler
 .text.QUADSPI_IRQHandler
                0x080011f8       0x14 ./Core/Src/stm32f7xx_it.o
                0x080011f8                QUADSPI_IRQHandler
 .text.SystemInit
                0x0800120c       0x24 ./Core/Src/system_stm32f7xx.o
                0x0800120c                SystemInit
 .text.Reset_Handler
                0x08001230       0x50 ./Core/Startup/startup_stm32f767zitx.o
                0x08001230                Reset_Handler
 .text.Default_Handler
                0x08001280        0x2 ./Core/Startup/startup_stm32f767zitx.o
                0x08001280                RTC_Alarm_IRQHandler
                0x08001280                EXTI2_IRQHandler
                0x08001280                TIM8_CC_IRQHandler
                0x08001280                UART8_IRQHandler
                0x08001280                SPI4_IRQHandler
                0x08001280                TIM1_CC_IRQHandler
                0x08001280                DMA2_Stream5_IRQHandler
                0x08001280                JPEG_IRQHandler
                0x08001280                DMA1_Stream5_IRQHandler
                0x08001280                CAN3_RX1_IRQHandler
                0x08001280                PVD_IRQHandler
                0x08001280                TAMP_STAMP_IRQHandler
                0x08001280                CAN2_RX1_IRQHandler
                0x08001280                EXTI3_IRQHandler
                0x08001280                TIM8_TRG_COM_TIM14_IRQHandler
                0x08001280                DFSDM1_FLT1_IRQHandler
                0x08001280                TIM1_UP_TIM10_IRQHandler
                0x08001280                TIM8_UP_TIM13_IRQHandler
                0x08001280                I2C3_ER_IRQHandler
                0x08001280                DFSDM1_FLT2_IRQHandler
                0x08001280                EXTI0_IRQHandler
                0x08001280                I2C2_EV_IRQHandler
                0x08001280                DMA1_Stream2_IRQHandler
                0x08001280                CAN1_RX0_IRQHandler
                0x08001280                FPU_IRQHandler
                0x08001280                OTG_HS_WKUP_IRQHandler
                0x08001280                CAN3_SCE_IRQHandler
                0x08001280                LTDC_ER_IRQHandler
                0x08001280                CAN2_SCE_IRQHandler
                0x08001280                DMA2_Stream2_IRQHandler
                0x08001280                SPI1_IRQHandler
                0x08001280                TIM6_DAC_IRQHandler
                0x08001280                TIM1_BRK_TIM9_IRQHandler
                0x08001280                DCMI_IRQHandler
                0x08001280                CAN2_RX0_IRQHandler
                0x08001280                DMA2_Stream3_IRQHandler
                0x08001280                SAI2_IRQHandler
                0x08001280                DFSDM1_FLT3_IRQHandler
                0x08001280                USART6_IRQHandler
                0x08001280                CAN3_RX0_IRQHandler
                0x08001280                USART3_IRQHandler
                0x08001280                CAN1_RX1_IRQHandler
                0x08001280                UART5_IRQHandler
                0x08001280                DMA2_Stream0_IRQHandler
                0x08001280                TIM4_IRQHandler
                0x08001280                I2C1_EV_IRQHandler
                0x08001280                DMA1_Stream6_IRQHandler
                0x08001280                DMA1_Stream1_IRQHandler
                0x08001280                UART4_IRQHandler
                0x08001280                TIM3_IRQHandler
                0x08001280                RCC_IRQHandler
                0x08001280                TIM8_BRK_TIM12_IRQHandler
                0x08001280                Default_Handler
                0x08001280                CEC_IRQHandler
                0x08001280                EXTI15_10_IRQHandler
                0x08001280                ADC_IRQHandler
                0x08001280                DMA1_Stream7_IRQHandler
                0x08001280                SPI5_IRQHandler
                0x08001280                TIM7_IRQHandler
                0x08001280                SDMMC1_IRQHandler
                0x08001280                CAN2_TX_IRQHandler
                0x08001280                TIM5_IRQHandler
                0x08001280                DMA2_Stream7_IRQHandler
                0x08001280                I2C3_EV_IRQHandler
                0x08001280                EXTI9_5_IRQHandler
                0x08001280                RTC_WKUP_IRQHandler
                0x08001280                LTDC_IRQHandler
                0x08001280                ETH_WKUP_IRQHandler
                0x08001280                SPDIF_RX_IRQHandler
                0x08001280                SPI2_IRQHandler
                0x08001280                OTG_HS_EP1_IN_IRQHandler
                0x08001280                DMA1_Stream0_IRQHandler
                0x08001280                CAN1_TX_IRQHandler
                0x08001280                EXTI4_IRQHandler
                0x08001280                RNG_IRQHandler
                0x08001280                ETH_IRQHandler
                0x08001280                OTG_HS_EP1_OUT_IRQHandler
                0x08001280                WWDG_IRQHandler
                0x08001280                SPI6_IRQHandler
                0x08001280                MDIOS_IRQHandler
                0x08001280                I2C4_EV_IRQHandler
                0x08001280                CAN3_TX_IRQHandler
                0x08001280                TIM2_IRQHandler
                0x08001280                OTG_FS_WKUP_IRQHandler
                0x08001280                TIM1_TRG_COM_TIM11_IRQHandler
                0x08001280                OTG_HS_IRQHandler
                0x08001280                DMA2D_IRQHandler
                0x08001280                SDMMC2_IRQHandler
                0x08001280                UART7_IRQHandler
                0x08001280                USART2_IRQHandler
                0x08001280                DFSDM1_FLT0_IRQHandler
                0x08001280                I2C2_ER_IRQHandler
                0x08001280                DMA2_Stream1_IRQHandler
                0x08001280                CAN1_SCE_IRQHandler
                0x08001280                FLASH_IRQHandler
                0x08001280                DMA2_Stream4_IRQHandler
                0x08001280                USART1_IRQHandler
                0x08001280                OTG_FS_IRQHandler
                0x08001280                SPI3_IRQHandler
                0x08001280                DMA1_Stream4_IRQHandler
                0x08001280                I2C1_ER_IRQHandler
                0x08001280                FMC_IRQHandler
                0x08001280                LPTIM1_IRQHandler
                0x08001280                I2C4_ER_IRQHandler
                0x08001280                DMA2_Stream6_IRQHandler
                0x08001280                SAI1_IRQHandler
                0x08001280                DMA1_Stream3_IRQHandler
 .text.HAL_Init
                0x08001282       0x1a ./Drivers/STM32F7xx_HAL_Driver/Src/stm32f7xx_hal.o
                0x08001282                HAL_Init
 .text.HAL_InitTick
                0x0800129c       0x60 ./Drivers/STM32F7xx_HAL_Driver/Src/stm32f7xx_hal.o
                0x0800129c                HAL_InitTick
 .text.HAL_IncTick
                0x080012fc       0x28 ./Drivers/STM32F7xx_HAL_Driver/Src/stm32f7xx_hal.o
                0x080012fc                HAL_IncTick
 .text.HAL_GetTick
                0x08001324       0x18 ./Drivers/STM32F7xx_HAL_Driver/Src/stm32f7xx_hal.o
                0x08001324                HAL_GetTick
 .text.HAL_Delay
                0x0800133c       0x48 ./Drivers/STM32F7xx_HAL_Driver/Src/stm32f7xx_hal.o
                0x0800133c                HAL_Delay
 .text.__NVIC_SetPriorityGrouping
                0x08001384       0x48 ./Drivers/STM32F7xx_HAL_Driver/Src/stm32f7xx_hal_cortex.o
 .text.__NVIC_GetPriorityGrouping
                0x080013cc       0x1c ./Drivers/STM32F7xx_HAL_Driver/Src/stm32f7xx_hal_cortex.o
 .text.__NVIC_EnableIRQ
                0x080013e8       0x3c ./Drivers/STM32F7xx_HAL_Driver/Src/stm32f7xx_hal_cortex.o
 .text.__NVIC_SetPriority
                0x08001424       0x54 ./Drivers/STM32F7xx_HAL_Driver/Src/stm32f7xx_hal_cortex.o
 .text.NVIC_EncodePriority
                0x08001478       0x66 ./Drivers/STM32F7xx_HAL_Driver/Src/stm32f7xx_hal_cortex.o
 *fill*         0x080014de        0x2 
 .text.SysTick_Config
                0x080014e0       0x44 ./Drivers/STM32F7xx_HAL_Driver/Src/stm32f7xx_hal_cortex.o
 .text.HAL_NVIC_SetPriorityGrouping
                0x08001524       0x16 ./Drivers/STM32F7xx_HAL_Driver/Src/stm32f7xx_hal_cortex.o
                0x08001524                HAL_NVIC_SetPriorityGrouping
 .text.HAL_NVIC_SetPriority
                0x0800153a       0x38 ./Drivers/STM32F7xx_HAL_Driver/Src/stm32f7xx_hal_cortex.o
                0x0800153a                HAL_NVIC_SetPriority
 .text.HAL_NVIC_EnableIRQ
                0x08001572       0x1c ./Drivers/STM32F7xx_HAL_Driver/Src/stm32f7xx_hal_cortex.o
                0x08001572                HAL_NVIC_EnableIRQ
 .text.HAL_SYSTICK_Config
                0x0800158e       0x18 ./Drivers/STM32F7xx_HAL_Driver/Src/stm32f7xx_hal_cortex.o
                0x0800158e                HAL_SYSTICK_Config
 .text.HAL_DMA_Abort_IT
                0x080015a6       0x44 ./Drivers/STM32F7xx_HAL_Driver/Src/stm32f7xx_hal_dma.o
                0x080015a6                HAL_DMA_Abort_IT
 *fill*         0x080015ea        0x2 
 .text.HAL_ETH_Init
                0x080015ec      0x134 ./Drivers/STM32F7xx_HAL_Driver/Src/stm32f7xx_hal_eth.o
                0x080015ec                HAL_ETH_Init
 .text.ETH_SetMACConfig
                0x08001720      0x168 ./Drivers/STM32F7xx_HAL_Driver/Src/stm32f7xx_hal_eth.o
 .text.ETH_SetDMAConfig
                0x08001888      0x114 ./Drivers/STM32F7xx_HAL_Driver/Src/stm32f7xx_hal_eth.o
 .text.ETH_MACDMAConfig
                0x0800199c       0xea ./Drivers/STM32F7xx_HAL_Driver/Src/stm32f7xx_hal_eth.o
 *fill*         0x08001a86        0x2 
 .text.ETH_MACAddressConfig
                0x08001a88       0x70 ./Drivers/STM32F7xx_HAL_Driver/Src/stm32f7xx_hal_eth.o
 .text.ETH_DMATxDescListInit
                0x08001af8       0xb2 ./Drivers/STM32F7xx_HAL_Driver/Src/stm32f7xx_hal_eth.o
 .text.ETH_DMARxDescListInit
                0x08001baa       0xde ./Drivers/STM32F7xx_HAL_Driver/Src/stm32f7xx_hal_eth.o
 .text.HAL_GPIO_Init
                0x08001c88      0x358 ./Drivers/STM32F7xx_HAL_Driver/Src/stm32f7xx_hal_gpio.o
                0x08001c88                HAL_GPIO_Init
 .text.HAL_GPIO_ReadPin
                0x08001fe0       0x30 ./Drivers/STM32F7xx_HAL_Driver/Src/stm32f7xx_hal_gpio.o
                0x08001fe0                HAL_GPIO_ReadPin
 .text.HAL_GPIO_WritePin
                0x08002010       0x32 ./Drivers/STM32F7xx_HAL_Driver/Src/stm32f7xx_hal_gpio.o
                0x08002010                HAL_GPIO_WritePin
 .text.HAL_GPIO_TogglePin
                0x08002042       0x34 ./Drivers/STM32F7xx_HAL_Driver/Src/stm32f7xx_hal_gpio.o
                0x08002042                HAL_GPIO_TogglePin
 *fill*         0x08002076        0x2 
 .text.HAL_GPIO_EXTI_IRQHandler
                0x08002078       0x30 ./Drivers/STM32F7xx_HAL_Driver/Src/stm32f7xx_hal_gpio.o
                0x08002078                HAL_GPIO_EXTI_IRQHandler
 .text.HAL_GPIO_EXTI_Callback
                0x080020a8       0x16 ./Drivers/STM32F7xx_HAL_Driver/Src/stm32f7xx_hal_gpio.o
                0x080020a8                HAL_GPIO_EXTI_Callback
 .text.HAL_PCD_Init
                0x080020be      0x22c ./Drivers/STM32F7xx_HAL_Driver/Src/stm32f7xx_hal_pcd.o
                0x080020be                HAL_PCD_Init
 *fill*         0x080022ea        0x2 
 .text.HAL_PCDEx_ActivateLPM
                0x080022ec       0x48 ./Drivers/STM32F7xx_HAL_Driver/Src/stm32f7xx_hal_pcd_ex.o
                0x080022ec                HAL_PCDEx_ActivateLPM
 .text.HAL_PWREx_EnableOverDrive
                0x08002334       0xa0 ./Drivers/STM32F7xx_HAL_Driver/Src/stm32f7xx_hal_pwr_ex.o
                0x08002334                HAL_PWREx_EnableOverDrive
 .text.HAL_QSPI_Init
                0x080023d4       0xf8 ./Drivers/STM32F7xx_HAL_Driver/Src/stm32f7xx_hal_qspi.o
                0x080023d4                HAL_QSPI_Init
 .text.HAL_QSPI_IRQHandler
                0x080024cc      0x374 ./Drivers/STM32F7xx_HAL_Driver/Src/stm32f7xx_hal_qspi.o
                0x080024cc                HAL_QSPI_IRQHandler
 .text.HAL_QSPI_ErrorCallback
                0x08002840       0x14 ./Drivers/STM32F7xx_HAL_Driver/Src/stm32f7xx_hal_qspi.o
                0x08002840                HAL_QSPI_ErrorCallback
 .text.HAL_QSPI_AbortCpltCallback
                0x08002854       0x14 ./Drivers/STM32F7xx_HAL_Driver/Src/stm32f7xx_hal_qspi.o
                0x08002854                HAL_QSPI_AbortCpltCallback
 .text.HAL_QSPI_CmdCpltCallback
                0x08002868       0x14 ./Drivers/STM32F7xx_HAL_Driver/Src/stm32f7xx_hal_qspi.o
                0x08002868                HAL_QSPI_CmdCpltCallback
 .text.HAL_QSPI_RxCpltCallback
                0x0800287c       0x14 ./Drivers/STM32F7xx_HAL_Driver/Src/stm32f7xx_hal_qspi.o
                0x0800287c                HAL_QSPI_RxCpltCallback
 .text.HAL_QSPI_TxCpltCallback
                0x08002890       0x14 ./Drivers/STM32F7xx_HAL_Driver/Src/stm32f7xx_hal_qspi.o
                0x08002890                HAL_QSPI_TxCpltCallback
 .text.HAL_QSPI_FifoThresholdCallback
                0x080028a4       0x14 ./Drivers/STM32F7xx_HAL_Driver/Src/stm32f7xx_hal_qspi.o
                0x080028a4                HAL_QSPI_FifoThresholdCallback
 .text.HAL_QSPI_StatusMatchCallback
                0x080028b8       0x14 ./Drivers/STM32F7xx_HAL_Driver/Src/stm32f7xx_hal_qspi.o
                0x080028b8                HAL_QSPI_StatusMatchCallback
 .text.HAL_QSPI_TimeOutCallback
                0x080028cc       0x14 ./Drivers/STM32F7xx_HAL_Driver/Src/stm32f7xx_hal_qspi.o
                0x080028cc                HAL_QSPI_TimeOutCallback
 .text.HAL_QSPI_SetTimeout
                0x080028e0       0x1c ./Drivers/STM32F7xx_HAL_Driver/Src/stm32f7xx_hal_qspi.o
                0x080028e0                HAL_QSPI_SetTimeout
 .text.QSPI_DMAAbortCplt
                0x080028fc       0x66 ./Drivers/STM32F7xx_HAL_Driver/Src/stm32f7xx_hal_qspi.o
 .text.QSPI_WaitFlagStateUntilTimeout
                0x08002962       0x6e ./Drivers/STM32F7xx_HAL_Driver/Src/stm32f7xx_hal_qspi.o
 .text.HAL_RCC_OscConfig
                0x080029d0      0x55c ./Drivers/STM32F7xx_HAL_Driver/Src/stm32f7xx_hal_rcc.o
                0x080029d0                HAL_RCC_OscConfig
 .text.HAL_RCC_ClockConfig
                0x08002f2c      0x1d8 ./Drivers/STM32F7xx_HAL_Driver/Src/stm32f7xx_hal_rcc.o
                0x08002f2c                HAL_RCC_ClockConfig
 .text.HAL_RCC_GetSysClockFreq
                0x08003104      0x20c ./Drivers/STM32F7xx_HAL_Driver/Src/stm32f7xx_hal_rcc.o
                0x08003104                HAL_RCC_GetSysClockFreq
 .text.HAL_RCC_GetHCLKFreq
                0x08003310       0x18 ./Drivers/STM32F7xx_HAL_Driver/Src/stm32f7xx_hal_rcc.o
                0x08003310                HAL_RCC_GetHCLKFreq
 .text.HAL_RCC_GetPCLK1Freq
                0x08003328       0x28 ./Drivers/STM32F7xx_HAL_Driver/Src/stm32f7xx_hal_rcc.o
                0x08003328                HAL_RCC_GetPCLK1Freq
 .text.HAL_RCC_GetPCLK2Freq
                0x08003350       0x28 ./Drivers/STM32F7xx_HAL_Driver/Src/stm32f7xx_hal_rcc.o
                0x08003350                HAL_RCC_GetPCLK2Freq
 .text.HAL_RCCEx_PeriphCLKConfig
                0x08003378      0x850 ./Drivers/STM32F7xx_HAL_Driver/Src/stm32f7xx_hal_rcc_ex.o
                0x08003378                HAL_RCCEx_PeriphCLKConfig
 .text.HAL_UART_Init
                0x08003bc8       0x9c ./Drivers/STM32F7xx_HAL_Driver/Src/stm32f7xx_hal_uart.o
                0x08003bc8                HAL_UART_Init
 .text.UART_SetConfig
                0x08003c64      0x4c8 ./Drivers/STM32F7xx_HAL_Driver/Src/stm32f7xx_hal_uart.o
                0x08003c64                UART_SetConfig
 .text.UART_AdvFeatureConfig
                0x0800412c      0x144 ./Drivers/STM32F7xx_HAL_Driver/Src/stm32f7xx_hal_uart.o
                0x0800412c                UART_AdvFeatureConfig
 .text.UART_CheckIdleState
                0x08004270      0x150 ./Drivers/STM32F7xx_HAL_Driver/Src/stm32f7xx_hal_uart.o
                0x08004270                UART_CheckIdleState
 .text.UART_WaitOnFlagUntilTimeout
                0x080043c0       0xda ./Drivers/STM32F7xx_HAL_Driver/Src/stm32f7xx_hal_uart.o
                0x080043c0                UART_WaitOnFlagUntilTimeout
 .text.UART_EndRxTransfer
                0x0800449a       0xc8 ./Drivers/STM32F7xx_HAL_Driver/Src/stm32f7xx_hal_uart.o
 *fill*         0x08004562        0x2 
 .text.USB_CoreInit
                0x08004564       0xb4 ./Drivers/STM32F7xx_HAL_Driver/Src/stm32f7xx_ll_usb.o
                0x08004564                USB_CoreInit
 .text.USB_DisableGlobalInt
                0x08004618       0x22 ./Drivers/STM32F7xx_HAL_Driver/Src/stm32f7xx_ll_usb.o
                0x08004618                USB_DisableGlobalInt
 .text.USB_SetCurrentMode
                0x0800463a       0x98 ./Drivers/STM32F7xx_HAL_Driver/Src/stm32f7xx_ll_usb.o
                0x0800463a                USB_SetCurrentMode
 *fill*         0x080046d2        0x2 
 .text.USB_DevInit
                0x080046d4      0x2bc ./Drivers/STM32F7xx_HAL_Driver/Src/stm32f7xx_ll_usb.o
                0x080046d4                USB_DevInit
 .text.USB_FlushTxFifo
                0x08004990       0x64 ./Drivers/STM32F7xx_HAL_Driver/Src/stm32f7xx_ll_usb.o
                0x08004990                USB_FlushTxFifo
 .text.USB_FlushRxFifo
                0x080049f4       0x5c ./Drivers/STM32F7xx_HAL_Driver/Src/stm32f7xx_ll_usb.o
                0x080049f4                USB_FlushRxFifo
 .text.USB_SetDevSpeed
                0x08004a50       0x32 ./Drivers/STM32F7xx_HAL_Driver/Src/stm32f7xx_ll_usb.o
                0x08004a50                USB_SetDevSpeed
 .text.USB_DevDisconnect
                0x08004a82       0x42 ./Drivers/STM32F7xx_HAL_Driver/Src/stm32f7xx_ll_usb.o
                0x08004a82                USB_DevDisconnect
 .text.USB_GetMode
                0x08004ac4       0x1c ./Drivers/STM32F7xx_HAL_Driver/Src/stm32f7xx_ll_usb.o
                0x08004ac4                USB_GetMode
 .text.USB_CoreReset
                0x08004ae0       0x62 ./Drivers/STM32F7xx_HAL_Driver/Src/stm32f7xx_ll_usb.o
 .text.memset   0x08004b42       0x10 C:/ST/STM32CubeIDE_1.17.0/STM32CubeIDE/plugins/com.st.stm32cube.ide.mcu.externaltools.gnu-tools-for-stm32.12.3.rel1.win32_1.1.0.202410251130/tools/bin/../lib/gcc/arm-none-eabi/12.3.1/../../../../arm-none-eabi/lib/thumb/v7e-m+dp/hard\libc_nano.a(libc_a-memset.o)
                0x08004b42                memset
 *fill*         0x08004b52        0x2 
 .text.__libc_init_array
                0x08004b54       0x48 C:/ST/STM32CubeIDE_1.17.0/STM32CubeIDE/plugins/com.st.stm32cube.ide.mcu.externaltools.gnu-tools-for-stm32.12.3.rel1.win32_1.1.0.202410251130/tools/bin/../lib/gcc/arm-none-eabi/12.3.1/../../../../arm-none-eabi/lib/thumb/v7e-m+dp/hard\libc_nano.a(libc_a-init.o)
                0x08004b54                __libc_init_array
 *(.glue_7)
 .glue_7        0x08004b9c        0x0 linker stubs
 *(.glue_7t)
 .glue_7t       0x08004b9c        0x0 linker stubs
 *(.eh_frame)
 .eh_frame      0x08004b9c        0x0 C:/ST/STM32CubeIDE_1.17.0/STM32CubeIDE/plugins/com.st.stm32cube.ide.mcu.externaltools.gnu-tools-for-stm32.12.3.rel1.win32_1.1.0.202410251130/tools/bin/../lib/gcc/arm-none-eabi/12.3.1/thumb/v7e-m+dp/hard/crtbegin.o
 *(.init)
 .init          0x08004b9c        0x4 C:/ST/STM32CubeIDE_1.17.0/STM32CubeIDE/plugins/com.st.stm32cube.ide.mcu.externaltools.gnu-tools-for-stm32.12.3.rel1.win32_1.1.0.202410251130/tools/bin/../lib/gcc/arm-none-eabi/12.3.1/thumb/v7e-m+dp/hard/crti.o
                0x08004b9c                _init
 .init          0x08004ba0        0x8 C:/ST/STM32CubeIDE_1.17.0/STM32CubeIDE/plugins/com.st.stm32cube.ide.mcu.externaltools.gnu-tools-for-stm32.12.3.rel1.win32_1.1.0.202410251130/tools/bin/../lib/gcc/arm-none-eabi/12.3.1/thumb/v7e-m+dp/hard/crtn.o
 *(.fini)
 .fini          0x08004ba8        0x4 C:/ST/STM32CubeIDE_1.17.0/STM32CubeIDE/plugins/com.st.stm32cube.ide.mcu.externaltools.gnu-tools-for-stm32.12.3.rel1.win32_1.1.0.202410251130/tools/bin/../lib/gcc/arm-none-eabi/12.3.1/thumb/v7e-m+dp/hard/crti.o
                0x08004ba8                _fini
 .fini          0x08004bac        0x8 C:/ST/STM32CubeIDE_1.17.0/STM32CubeIDE/plugins/com.st.stm32cube.ide.mcu.externaltools.gnu-tools-for-stm32.12.3.rel1.win32_1.1.0.202410251130/tools/bin/../lib/gcc/arm-none-eabi/12.3.1/thumb/v7e-m+dp/hard/crtn.o
                0x08004bb4                        . = ALIGN (0x4)
                0x08004bb4                        _etext = .

.vfp11_veneer   0x08004bb4        0x0
 .vfp11_veneer  0x08004bb4        0x0 linker stubs

.v4_bx          0x08004bb4        0x0
 .v4_bx         0x08004bb4        0x0 linker stubs

.iplt           0x08004bb4        0x0
 .iplt          0x08004bb4        0x0 C:/ST/STM32CubeIDE_1.17.0/STM32CubeIDE/plugins/com.st.stm32cube.ide.mcu.externaltools.gnu-tools-for-stm32.12.3.rel1.win32_1.1.0.202410251130/tools/bin/../lib/gcc/arm-none-eabi/12.3.1/thumb/v7e-m+dp/hard/crtbegin.o

.rodata         0x08004bb4       0x18
                0x08004bb4                        . = ALIGN (0x4)
 *(.rodata)
 *(.rodata*)
 .rodata.AHBPrescTable
                0x08004bb4       0x10 ./Core/Src/system_stm32f7xx.o
                0x08004bb4                AHBPrescTable
 .rodata.APBPrescTable
                0x08004bc4        0x8 ./Core/Src/system_stm32f7xx.o
                0x08004bc4                APBPrescTable
                0x08004bcc                        . = ALIGN (0x4)

.ARM.extab      0x08004bcc        0x0
                0x08004bcc                        . = ALIGN (0x4)
 *(.ARM.extab* .gnu.linkonce.armextab.*)
                0x08004bcc                        . = ALIGN (0x4)

.ARM            0x08004bcc        0x8
                0x08004bcc                        . = ALIGN (0x4)
                0x08004bcc                        __exidx_start = .
 *(.ARM.exidx*)
 .ARM.exidx     0x08004bcc        0x8 C:/ST/STM32CubeIDE_1.17.0/STM32CubeIDE/plugins/com.st.stm32cube.ide.mcu.externaltools.gnu-tools-for-stm32.12.3.rel1.win32_1.1.0.202410251130/tools/bin/../lib/gcc/arm-none-eabi/12.3.1/thumb/v7e-m+dp/hard\libgcc.a(_udivmoddi4.o)
                0x08004bd4                        __exidx_end = .
                0x08004bd4                        . = ALIGN (0x4)

.preinit_array  0x08004bd4        0x0
                0x08004bd4                        . = ALIGN (0x4)
                0x08004bd4                        PROVIDE (__preinit_array_start = .)
 *(.preinit_array*)
                0x08004bd4                        PROVIDE (__preinit_array_end = .)
                0x08004bd4                        . = ALIGN (0x4)

.init_array     0x08004bd4        0x4
                0x08004bd4                        . = ALIGN (0x4)
                0x08004bd4                        PROVIDE (__init_array_start = .)
 *(SORT_BY_NAME(.init_array.*))
 *(.init_array*)
 .init_array    0x08004bd4        0x4 C:/ST/STM32CubeIDE_1.17.0/STM32CubeIDE/plugins/com.st.stm32cube.ide.mcu.externaltools.gnu-tools-for-stm32.12.3.rel1.win32_1.1.0.202410251130/tools/bin/../lib/gcc/arm-none-eabi/12.3.1/thumb/v7e-m+dp/hard/crtbegin.o
                0x08004bd8                        PROVIDE (__init_array_end = .)
                0x08004bd8                        . = ALIGN (0x4)

.fini_array     0x08004bd8        0x4
                0x08004bd8                        . = ALIGN (0x4)
                [!provide]                        PROVIDE (__fini_array_start = .)
 *(SORT_BY_NAME(.fini_array.*))
 *(.fini_array*)
 .fini_array    0x08004bd8        0x4 C:/ST/STM32CubeIDE_1.17.0/STM32CubeIDE/plugins/com.st.stm32cube.ide.mcu.externaltools.gnu-tools-for-stm32.12.3.rel1.win32_1.1.0.202410251130/tools/bin/../lib/gcc/arm-none-eabi/12.3.1/thumb/v7e-m+dp/hard/crtbegin.o
                [!provide]                        PROVIDE (__fini_array_end = .)
                0x08004bdc                        . = ALIGN (0x4)
                0x08004bdc                        _sidata = LOADADDR (.data)

.rel.dyn        0x08004bdc        0x0
 .rel.iplt      0x08004bdc        0x0 C:/ST/STM32CubeIDE_1.17.0/STM32CubeIDE/plugins/com.st.stm32cube.ide.mcu.externaltools.gnu-tools-for-stm32.12.3.rel1.win32_1.1.0.202410251130/tools/bin/../lib/gcc/arm-none-eabi/12.3.1/thumb/v7e-m+dp/hard/crtbegin.o

.data           0x20000000        0xc load address 0x08004bdc
                0x20000000                        . = ALIGN (0x4)
                0x20000000                        _sdata = .
 *(.data)
 *(.data*)
 .data.SystemCoreClock
                0x20000000        0x4 ./Core/Src/system_stm32f7xx.o
                0x20000000                SystemCoreClock
 .data.uwTickPrio
                0x20000004        0x4 ./Drivers/STM32F7xx_HAL_Driver/Src/stm32f7xx_hal.o
                0x20000004                uwTickPrio
 .data.uwTickFreq
                0x20000008        0x1 ./Drivers/STM32F7xx_HAL_Driver/Src/stm32f7xx_hal.o
                0x20000008                uwTickFreq
 *(.RamFunc)
 *(.RamFunc*)
                0x2000000c                        . = ALIGN (0x4)
 *fill*         0x20000009        0x3 
                0x2000000c                        _edata = .

.igot.plt       0x2000000c        0x0 load address 0x08004be8
 .igot.plt      0x2000000c        0x0 C:/ST/STM32CubeIDE_1.17.0/STM32CubeIDE/plugins/com.st.stm32cube.ide.mcu.externaltools.gnu-tools-for-stm32.12.3.rel1.win32_1.1.0.202410251130/tools/bin/../lib/gcc/arm-none-eabi/12.3.1/thumb/v7e-m+dp/hard/crtbegin.o

.RxDecripSection
                0x2000000c       0xa0 load address 0x08004be8
 .RxDecripSection
                0x2000000c       0xa0 ./Core/Src/main.o
                0x2000000c                DMARxDscrTab

.TxDecripSection
                0x200000ac       0xa0 load address 0x08004c88
 .TxDecripSection
                0x200000ac       0xa0 ./Core/Src/main.o
                0x200000ac                DMATxDscrTab
                0x2000014c                        . = ALIGN (0x4)

.bss            0x2000014c      0x6c4 load address 0x08004d28
                0x2000014c                        _sbss = .
                0x2000014c                        __bss_start__ = _sbss
 *(.bss)
 .bss           0x2000014c       0x1c C:/ST/STM32CubeIDE_1.17.0/STM32CubeIDE/plugins/com.st.stm32cube.ide.mcu.externaltools.gnu-tools-for-stm32.12.3.rel1.win32_1.1.0.202410251130/tools/bin/../lib/gcc/arm-none-eabi/12.3.1/thumb/v7e-m+dp/hard/crtbegin.o
 *(.bss*)
 .bss.TxConfig  0x20000168       0x38 ./Core/Src/main.o
                0x20000168                TxConfig
 .bss.heth      0x200001a0       0xb0 ./Core/Src/main.o
                0x200001a0                heth
 .bss.hqspi     0x20000250       0x4c ./Core/Src/main.o
                0x20000250                hqspi
 .bss.huart3    0x2000029c       0x88 ./Core/Src/main.o
                0x2000029c                huart3
 .bss.hpcd_USB_OTG_FS
                0x20000324      0x4e0 ./Core/Src/main.o
                0x20000324                hpcd_USB_OTG_FS
 .bss.MACAddr.0
                0x20000804        0x6 ./Core/Src/main.o
 *fill*         0x2000080a        0x2 
 .bss.uwTick    0x2000080c        0x4 ./Drivers/STM32F7xx_HAL_Driver/Src/stm32f7xx_hal.o
                0x2000080c                uwTick
 *(COMMON)
                0x20000810                        . = ALIGN (0x4)
                0x20000810                        _ebss = .
                0x20000810                        __bss_end__ = _ebss

._user_heap_stack
                0x20000810     0x6000 load address 0x08004d28
                0x20000810                        . = ALIGN (0x8)
                [!provide]                        PROVIDE (end = .)
                0x20000810                        PROVIDE (_end = .)
                0x20002810                        . = (. + _Min_Heap_Size)
 *fill*         0x20000810     0x2000 
                0x20006810                        . = (. + _Min_Stack_Size)
 *fill*         0x20002810     0x4000 
                0x20006810                        . = ALIGN (0x8)

/DISCARD/
 libc.a(*)
 libm.a(*)
 libgcc.a(*)

.dataflash
 *(.dataflash)

.ARM.attributes
                0x00000000       0x2e
 *(.ARM.attributes)
 .ARM.attributes
                0x00000000       0x20 C:/ST/STM32CubeIDE_1.17.0/STM32CubeIDE/plugins/com.st.stm32cube.ide.mcu.externaltools.gnu-tools-for-stm32.12.3.rel1.win32_1.1.0.202410251130/tools/bin/../lib/gcc/arm-none-eabi/12.3.1/thumb/v7e-m+dp/hard/crti.o
 .ARM.attributes
                0x00000020       0x32 C:/ST/STM32CubeIDE_1.17.0/STM32CubeIDE/plugins/com.st.stm32cube.ide.mcu.externaltools.gnu-tools-for-stm32.12.3.rel1.win32_1.1.0.202410251130/tools/bin/../lib/gcc/arm-none-eabi/12.3.1/thumb/v7e-m+dp/hard/crtbegin.o
 .ARM.attributes
                0x00000052       0x32 ./Core/Src/main.o
 .ARM.attributes
                0x00000084       0x32 ./Core/Src/qspi.o
 .ARM.attributes
                0x000000b6       0x32 ./Core/Src/stm32f7xx_hal_msp.o
 .ARM.attributes
                0x000000e8       0x32 ./Core/Src/stm32f7xx_it.o
 .ARM.attributes
                0x0000011a       0x32 ./Core/Src/system_stm32f7xx.o
 .ARM.attributes
                0x0000014c       0x21 ./Core/Startup/startup_stm32f767zitx.o
 .ARM.attributes
                0x0000016d       0x32 ./Drivers/STM32F7xx_HAL_Driver/Src/stm32f7xx_hal.o
 .ARM.attributes
                0x0000019f       0x32 ./Drivers/STM32F7xx_HAL_Driver/Src/stm32f7xx_hal_cortex.o
 .ARM.attributes
                0x000001d1       0x32 ./Drivers/STM32F7xx_HAL_Driver/Src/stm32f7xx_hal_dma.o
 .ARM.attributes
                0x00000203       0x32 ./Drivers/STM32F7xx_HAL_Driver/Src/stm32f7xx_hal_eth.o
 .ARM.attributes
                0x00000235       0x32 ./Drivers/STM32F7xx_HAL_Driver/Src/stm32f7xx_hal_gpio.o
 .ARM.attributes
                0x00000267       0x32 ./Drivers/STM32F7xx_HAL_Driver/Src/stm32f7xx_hal_pcd.o
 .ARM.attributes
                0x00000299       0x32 ./Drivers/STM32F7xx_HAL_Driver/Src/stm32f7xx_hal_pcd_ex.o
 .ARM.attributes
                0x000002cb       0x32 ./Drivers/STM32F7xx_HAL_Driver/Src/stm32f7xx_hal_pwr_ex.o
 .ARM.attributes
                0x000002fd       0x32 ./Drivers/STM32F7xx_HAL_Driver/Src/stm32f7xx_hal_qspi.o
 .ARM.attributes
                0x0000032f       0x32 ./Drivers/STM32F7xx_HAL_Driver/Src/stm32f7xx_hal_rcc.o
 .ARM.attributes
                0x00000361       0x32 ./Drivers/STM32F7xx_HAL_Driver/Src/stm32f7xx_hal_rcc_ex.o
 .ARM.attributes
                0x00000393       0x32 ./Drivers/STM32F7xx_HAL_Driver/Src/stm32f7xx_hal_uart.o
 .ARM.attributes
                0x000003c5       0x32 ./Drivers/STM32F7xx_HAL_Driver/Src/stm32f7xx_ll_usb.o
 .ARM.attributes
                0x000003f7       0x32 C:/ST/STM32CubeIDE_1.17.0/STM32CubeIDE/plugins/com.st.stm32cube.ide.mcu.externaltools.gnu-tools-for-stm32.12.3.rel1.win32_1.1.0.202410251130/tools/bin/../lib/gcc/arm-none-eabi/12.3.1/../../../../arm-none-eabi/lib/thumb/v7e-m+dp/hard\libc_nano.a(libc_a-memset.o)
 .ARM.attributes
                0x00000429       0x32 C:/ST/STM32CubeIDE_1.17.0/STM32CubeIDE/plugins/com.st.stm32cube.ide.mcu.externaltools.gnu-tools-for-stm32.12.3.rel1.win32_1.1.0.202410251130/tools/bin/../lib/gcc/arm-none-eabi/12.3.1/../../../../arm-none-eabi/lib/thumb/v7e-m+dp/hard\libc_nano.a(libc_a-init.o)
 .ARM.attributes
                0x0000045b       0x20 C:/ST/STM32CubeIDE_1.17.0/STM32CubeIDE/plugins/com.st.stm32cube.ide.mcu.externaltools.gnu-tools-for-stm32.12.3.rel1.win32_1.1.0.202410251130/tools/bin/../lib/gcc/arm-none-eabi/12.3.1/thumb/v7e-m+dp/hard\libgcc.a(_aeabi_uldivmod.o)
 .ARM.attributes
                0x0000047b       0x32 C:/ST/STM32CubeIDE_1.17.0/STM32CubeIDE/plugins/com.st.stm32cube.ide.mcu.externaltools.gnu-tools-for-stm32.12.3.rel1.win32_1.1.0.202410251130/tools/bin/../lib/gcc/arm-none-eabi/12.3.1/thumb/v7e-m+dp/hard\libgcc.a(_udivmoddi4.o)
 .ARM.attributes
                0x000004ad       0x20 C:/ST/STM32CubeIDE_1.17.0/STM32CubeIDE/plugins/com.st.stm32cube.ide.mcu.externaltools.gnu-tools-for-stm32.12.3.rel1.win32_1.1.0.202410251130/tools/bin/../lib/gcc/arm-none-eabi/12.3.1/thumb/v7e-m+dp/hard\libgcc.a(_dvmd_tls.o)
 .ARM.attributes
                0x000004cd       0x20 C:/ST/STM32CubeIDE_1.17.0/STM32CubeIDE/plugins/com.st.stm32cube.ide.mcu.externaltools.gnu-tools-for-stm32.12.3.rel1.win32_1.1.0.202410251130/tools/bin/../lib/gcc/arm-none-eabi/12.3.1/thumb/v7e-m+dp/hard/crtn.o
OUTPUT(pem_nucleo_F777.elf elf32-littlearm)
LOAD linker stubs
LOAD C:/ST/STM32CubeIDE_1.17.0/STM32CubeIDE/plugins/com.st.stm32cube.ide.mcu.externaltools.gnu-tools-for-stm32.12.3.rel1.win32_1.1.0.202410251130/tools/bin/../lib/gcc/arm-none-eabi/12.3.1/../../../../arm-none-eabi/lib/thumb/v7e-m+dp/hard\libc.a
LOAD C:/ST/STM32CubeIDE_1.17.0/STM32CubeIDE/plugins/com.st.stm32cube.ide.mcu.externaltools.gnu-tools-for-stm32.12.3.rel1.win32_1.1.0.202410251130/tools/bin/../lib/gcc/arm-none-eabi/12.3.1/../../../../arm-none-eabi/lib/thumb/v7e-m+dp/hard\libm.a
LOAD C:/ST/STM32CubeIDE_1.17.0/STM32CubeIDE/plugins/com.st.stm32cube.ide.mcu.externaltools.gnu-tools-for-stm32.12.3.rel1.win32_1.1.0.202410251130/tools/bin/../lib/gcc/arm-none-eabi/12.3.1/thumb/v7e-m+dp/hard\libgcc.a

.debug_info     0x00000000    0x14787
 .debug_info    0x00000000     0x22e6 ./Core/Src/main.o
 .debug_info    0x000022e6      0xbba ./Core/Src/qspi.o
 .debug_info    0x00002ea0     0x21a9 ./Core/Src/stm32f7xx_hal_msp.o
 .debug_info    0x00005049      0x74a ./Core/Src/stm32f7xx_it.o
 .debug_info    0x00005793      0x6ed ./Core/Src/system_stm32f7xx.o
 .debug_info    0x00005e80       0x30 ./Core/Startup/startup_stm32f767zitx.o
 .debug_info    0x00005eb0      0xa4c ./Drivers/STM32F7xx_HAL_Driver/Src/stm32f7xx_hal.o
 .debug_info    0x000068fc      0xfc0 ./Drivers/STM32F7xx_HAL_Driver/Src/stm32f7xx_hal_cortex.o
 .debug_info    0x000078bc      0x8e7 ./Drivers/STM32F7xx_HAL_Driver/Src/stm32f7xx_hal_dma.o
 .debug_info    0x000081a3     0x218c ./Drivers/STM32F7xx_HAL_Driver/Src/stm32f7xx_hal_eth.o
 .debug_info    0x0000a32f      0x6f3 ./Drivers/STM32F7xx_HAL_Driver/Src/stm32f7xx_hal_gpio.o
 .debug_info    0x0000aa22     0x1599 ./Drivers/STM32F7xx_HAL_Driver/Src/stm32f7xx_hal_pcd.o
 .debug_info    0x0000bfbb      0x7a3 ./Drivers/STM32F7xx_HAL_Driver/Src/stm32f7xx_hal_pcd_ex.o
 .debug_info    0x0000c75e      0x8cd ./Drivers/STM32F7xx_HAL_Driver/Src/stm32f7xx_hal_pwr_ex.o
 .debug_info    0x0000d02b     0x126c ./Drivers/STM32F7xx_HAL_Driver/Src/stm32f7xx_hal_qspi.o
 .debug_info    0x0000e297      0x937 ./Drivers/STM32F7xx_HAL_Driver/Src/stm32f7xx_hal_rcc.o
 .debug_info    0x0000ebce      0x6e1 ./Drivers/STM32F7xx_HAL_Driver/Src/stm32f7xx_hal_rcc_ex.o
 .debug_info    0x0000f2af     0x3adc ./Drivers/STM32F7xx_HAL_Driver/Src/stm32f7xx_hal_uart.o
 .debug_info    0x00012d8b     0x19fc ./Drivers/STM32F7xx_HAL_Driver/Src/stm32f7xx_ll_usb.o

.debug_abbrev   0x00000000     0x2b4d
 .debug_abbrev  0x00000000      0x35e ./Core/Src/main.o
 .debug_abbrev  0x0000035e      0x25a ./Core/Src/qspi.o
 .debug_abbrev  0x000005b8      0x29c ./Core/Src/stm32f7xx_hal_msp.o
 .debug_abbrev  0x00000854      0x1ad ./Core/Src/stm32f7xx_it.o
 .debug_abbrev  0x00000a01      0x13b ./Core/Src/system_stm32f7xx.o
 .debug_abbrev  0x00000b3c       0x24 ./Core/Startup/startup_stm32f767zitx.o
 .debug_abbrev  0x00000b60      0x213 ./Drivers/STM32F7xx_HAL_Driver/Src/stm32f7xx_hal.o
 .debug_abbrev  0x00000d73      0x31e ./Drivers/STM32F7xx_HAL_Driver/Src/stm32f7xx_hal_cortex.o
 .debug_abbrev  0x00001091      0x264 ./Drivers/STM32F7xx_HAL_Driver/Src/stm32f7xx_hal_dma.o
 .debug_abbrev  0x000012f5      0x35a ./Drivers/STM32F7xx_HAL_Driver/Src/stm32f7xx_hal_eth.o
 .debug_abbrev  0x0000164f      0x1d4 ./Drivers/STM32F7xx_HAL_Driver/Src/stm32f7xx_hal_gpio.o
 .debug_abbrev  0x00001823      0x2ee ./Drivers/STM32F7xx_HAL_Driver/Src/stm32f7xx_hal_pcd.o
 .debug_abbrev  0x00001b11      0x1ca ./Drivers/STM32F7xx_HAL_Driver/Src/stm32f7xx_hal_pcd_ex.o
 .debug_abbrev  0x00001cdb      0x1d5 ./Drivers/STM32F7xx_HAL_Driver/Src/stm32f7xx_hal_pwr_ex.o
 .debug_abbrev  0x00001eb0      0x27d ./Drivers/STM32F7xx_HAL_Driver/Src/stm32f7xx_hal_qspi.o
 .debug_abbrev  0x0000212d      0x2de ./Drivers/STM32F7xx_HAL_Driver/Src/stm32f7xx_hal_rcc.o
 .debug_abbrev  0x0000240b      0x1c9 ./Drivers/STM32F7xx_HAL_Driver/Src/stm32f7xx_hal_rcc_ex.o
 .debug_abbrev  0x000025d4      0x2e6 ./Drivers/STM32F7xx_HAL_Driver/Src/stm32f7xx_hal_uart.o
 .debug_abbrev  0x000028ba      0x293 ./Drivers/STM32F7xx_HAL_Driver/Src/stm32f7xx_ll_usb.o

.debug_aranges  0x00000000      0xf30
 .debug_aranges
                0x00000000       0x58 ./Core/Src/main.o
 .debug_aranges
                0x00000058       0x90 ./Core/Src/qspi.o
 .debug_aranges
                0x000000e8       0x60 ./Core/Src/stm32f7xx_hal_msp.o
 .debug_aranges
                0x00000148       0x70 ./Core/Src/stm32f7xx_it.o
 .debug_aranges
                0x000001b8       0x28 ./Core/Src/system_stm32f7xx.o
 .debug_aranges
                0x000001e0       0x28 ./Core/Startup/startup_stm32f767zitx.o
 .debug_aranges
                0x00000208      0x110 ./Drivers/STM32F7xx_HAL_Driver/Src/stm32f7xx_hal.o
 .debug_aranges
                0x00000318      0x128 ./Drivers/STM32F7xx_HAL_Driver/Src/stm32f7xx_hal_cortex.o
 .debug_aranges
                0x00000440       0x90 ./Drivers/STM32F7xx_HAL_Driver/Src/stm32f7xx_hal_dma.o
 .debug_aranges
                0x000004d0      0x1e0 ./Drivers/STM32F7xx_HAL_Driver/Src/stm32f7xx_hal_eth.o
 .debug_aranges
                0x000006b0       0x58 ./Drivers/STM32F7xx_HAL_Driver/Src/stm32f7xx_hal_gpio.o
 .debug_aranges
                0x00000708      0x148 ./Drivers/STM32F7xx_HAL_Driver/Src/stm32f7xx_hal_pcd.o
 .debug_aranges
                0x00000850       0x48 ./Drivers/STM32F7xx_HAL_Driver/Src/stm32f7xx_hal_pcd_ex.o
 .debug_aranges
                0x00000898       0x80 ./Drivers/STM32F7xx_HAL_Driver/Src/stm32f7xx_hal_pwr_ex.o
 .debug_aranges
                0x00000918      0x170 ./Drivers/STM32F7xx_HAL_Driver/Src/stm32f7xx_hal_qspi.o
 .debug_aranges
                0x00000a88       0x88 ./Drivers/STM32F7xx_HAL_Driver/Src/stm32f7xx_hal_rcc.o
 .debug_aranges
                0x00000b10       0x50 ./Drivers/STM32F7xx_HAL_Driver/Src/stm32f7xx_hal_rcc_ex.o
 .debug_aranges
                0x00000b60      0x230 ./Drivers/STM32F7xx_HAL_Driver/Src/stm32f7xx_hal_uart.o
 .debug_aranges
                0x00000d90      0x1a0 ./Drivers/STM32F7xx_HAL_Driver/Src/stm32f7xx_ll_usb.o

.debug_rnglists
                0x00000000      0xbb9
 .debug_rnglists
                0x00000000       0x40 ./Core/Src/main.o
 .debug_rnglists
                0x00000040       0x6f ./Core/Src/qspi.o
 .debug_rnglists
                0x000000af       0x47 ./Core/Src/stm32f7xx_hal_msp.o
 .debug_rnglists
                0x000000f6       0x4f ./Core/Src/stm32f7xx_it.o
 .debug_rnglists
                0x00000145       0x1a ./Core/Src/system_stm32f7xx.o
 .debug_rnglists
                0x0000015f       0x19 ./Core/Startup/startup_stm32f767zitx.o
 .debug_rnglists
                0x00000178       0xc7 ./Drivers/STM32F7xx_HAL_Driver/Src/stm32f7xx_hal.o
 .debug_rnglists
                0x0000023f       0xda ./Drivers/STM32F7xx_HAL_Driver/Src/stm32f7xx_hal_cortex.o
 .debug_rnglists
                0x00000319       0x70 ./Drivers/STM32F7xx_HAL_Driver/Src/stm32f7xx_hal_dma.o
 .debug_rnglists
                0x00000389      0x17d ./Drivers/STM32F7xx_HAL_Driver/Src/stm32f7xx_hal_eth.o
 .debug_rnglists
                0x00000506       0x3f ./Drivers/STM32F7xx_HAL_Driver/Src/stm32f7xx_hal_gpio.o
 .debug_rnglists
                0x00000545       0xfa ./Drivers/STM32F7xx_HAL_Driver/Src/stm32f7xx_hal_pcd.o
 .debug_rnglists
                0x0000063f       0x32 ./Drivers/STM32F7xx_HAL_Driver/Src/stm32f7xx_hal_pcd_ex.o
 .debug_rnglists
                0x00000671       0x5f ./Drivers/STM32F7xx_HAL_Driver/Src/stm32f7xx_hal_pwr_ex.o
 .debug_rnglists
                0x000006d0      0x11f ./Drivers/STM32F7xx_HAL_Driver/Src/stm32f7xx_hal_qspi.o
 .debug_rnglists
                0x000007ef       0x67 ./Drivers/STM32F7xx_HAL_Driver/Src/stm32f7xx_hal_rcc.o
 .debug_rnglists
                0x00000856       0x3c ./Drivers/STM32F7xx_HAL_Driver/Src/stm32f7xx_hal_rcc_ex.o
 .debug_rnglists
                0x00000892      0x1e0 ./Drivers/STM32F7xx_HAL_Driver/Src/stm32f7xx_hal_uart.o
 .debug_rnglists
                0x00000a72      0x147 ./Drivers/STM32F7xx_HAL_Driver/Src/stm32f7xx_ll_usb.o

.debug_macro    0x00000000    0x292d8
 .debug_macro   0x00000000      0x365 ./Core/Src/main.o
 .debug_macro   0x00000365      0xacc ./Core/Src/main.o
 .debug_macro   0x00000e31      0x29f ./Core/Src/main.o
 .debug_macro   0x000010d0       0x2e ./Core/Src/main.o
 .debug_macro   0x000010fe       0x3b ./Core/Src/main.o
 .debug_macro   0x00001139       0x22 ./Core/Src/main.o
 .debug_macro   0x0000115b       0x8e ./Core/Src/main.o
 .debug_macro   0x000011e9       0x51 ./Core/Src/main.o
 .debug_macro   0x0000123a      0x103 ./Core/Src/main.o
 .debug_macro   0x0000133d       0x6a ./Core/Src/main.o
 .debug_macro   0x000013a7      0x1df ./Core/Src/main.o
 .debug_macro   0x00001586       0x1c ./Core/Src/main.o
 .debug_macro   0x000015a2       0x22 ./Core/Src/main.o
 .debug_macro   0x000015c4       0xd9 ./Core/Src/main.o
 .debug_macro   0x0000169d     0x12cd ./Core/Src/main.o
 .debug_macro   0x0000296a      0x11f ./Core/Src/main.o
 .debug_macro   0x00002a89       0x19 ./Core/Src/main.o
 .debug_macro   0x00002aa2    0x1aa23 ./Core/Src/main.o
 .debug_macro   0x0001d4c5       0x6d ./Core/Src/main.o
 .debug_macro   0x0001d532     0x3765 ./Core/Src/main.o
 .debug_macro   0x00020c97      0x189 ./Core/Src/main.o
 .debug_macro   0x00020e20       0x63 ./Core/Src/main.o
 .debug_macro   0x00020e83     0x1add ./Core/Src/main.o
 .debug_macro   0x00022960      0x6c4 ./Core/Src/main.o
 .debug_macro   0x00023024      0x18b ./Core/Src/main.o
 .debug_macro   0x000231af      0x115 ./Core/Src/main.o
 .debug_macro   0x000232c4      0x26e ./Core/Src/main.o
 .debug_macro   0x00023532       0xa5 ./Core/Src/main.o
 .debug_macro   0x000235d7      0x24f ./Core/Src/main.o
 .debug_macro   0x00023826       0x71 ./Core/Src/main.o
 .debug_macro   0x00023897       0x58 ./Core/Src/main.o
 .debug_macro   0x000238ef      0x236 ./Core/Src/main.o
 .debug_macro   0x00023b25      0xb99 ./Core/Src/main.o
 .debug_macro   0x000246be      0x14e ./Core/Src/main.o
 .debug_macro   0x0002480c      0x3db ./Core/Src/main.o
 .debug_macro   0x00024be7       0x12 ./Core/Src/main.o
 .debug_macro   0x00024bf9      0x22c ./Core/Src/main.o
 .debug_macro   0x00024e25       0x61 ./Core/Src/main.o
 .debug_macro   0x00024e86       0xa5 ./Core/Src/main.o
 .debug_macro   0x00024f2b      0x12e ./Core/Src/main.o
 .debug_macro   0x00025059      0x108 ./Core/Src/main.o
 .debug_macro   0x00025161       0x35 ./Core/Src/main.o
 .debug_macro   0x00025196      0x2d4 ./Core/Src/main.o
 .debug_macro   0x0002546a      0x5ba ./Core/Src/main.o
 .debug_macro   0x00025a24       0x44 ./Core/Src/main.o
 .debug_macro   0x00025a68      0x2cb ./Core/Src/main.o
 .debug_macro   0x00025d33       0xba ./Core/Src/main.o
 .debug_macro   0x00025ded      0x15b ./Core/Src/main.o
 .debug_macro   0x00025f48      0x205 ./Core/Src/main.o
 .debug_macro   0x0002614d       0x61 ./Core/Src/main.o
 .debug_macro   0x000261ae       0x29 ./Core/Src/main.o
 .debug_macro   0x000261d7       0x43 ./Core/Src/main.o
 .debug_macro   0x0002621a       0x34 ./Core/Src/main.o
 .debug_macro   0x0002624e       0x16 ./Core/Src/main.o
 .debug_macro   0x00026264       0x43 ./Core/Src/main.o
 .debug_macro   0x000262a7       0x34 ./Core/Src/main.o
 .debug_macro   0x000262db       0x10 ./Core/Src/main.o
 .debug_macro   0x000262eb       0x58 ./Core/Src/main.o
 .debug_macro   0x00026343       0x8e ./Core/Src/main.o
 .debug_macro   0x000263d1       0x1c ./Core/Src/main.o
 .debug_macro   0x000263ed      0x177 ./Core/Src/main.o
 .debug_macro   0x00026564      0x369 ./Core/Src/main.o
 .debug_macro   0x000268cd       0x10 ./Core/Src/main.o
 .debug_macro   0x000268dd       0x35 ./Core/Src/main.o
 .debug_macro   0x00026912       0x20 ./Core/Src/main.o
 .debug_macro   0x00026932       0x1c ./Core/Src/main.o
 .debug_macro   0x0002694e       0x10 ./Core/Src/main.o
 .debug_macro   0x0002695e       0x1c ./Core/Src/main.o
 .debug_macro   0x0002697a       0x16 ./Core/Src/main.o
 .debug_macro   0x00026990      0x146 ./Core/Src/main.o
 .debug_macro   0x00026ad6       0x16 ./Core/Src/main.o
 .debug_macro   0x00026aec       0x16 ./Core/Src/main.o
 .debug_macro   0x00026b02       0x29 ./Core/Src/main.o
 .debug_macro   0x00026b2b       0xee ./Core/Src/main.o
 .debug_macro   0x00026c19      0x2f1 ./Core/Src/qspi.o
 .debug_macro   0x00026f0a       0x5b ./Core/Src/qspi.o
 .debug_macro   0x00026f65       0x94 ./Core/Src/qspi.o
 .debug_macro   0x00026ff9       0x57 ./Core/Src/qspi.o
 .debug_macro   0x00027050       0x5d ./Core/Src/qspi.o
 .debug_macro   0x000270ad      0x216 ./Core/Src/stm32f7xx_hal_msp.o
 .debug_macro   0x000272c3      0x220 ./Core/Src/stm32f7xx_it.o
 .debug_macro   0x000274e3      0x207 ./Core/Src/system_stm32f7xx.o
 .debug_macro   0x000276ea      0x22b ./Drivers/STM32F7xx_HAL_Driver/Src/stm32f7xx_hal.o
 .debug_macro   0x00027915      0x207 ./Drivers/STM32F7xx_HAL_Driver/Src/stm32f7xx_hal_cortex.o
 .debug_macro   0x00027b1c      0x20d ./Drivers/STM32F7xx_HAL_Driver/Src/stm32f7xx_hal_dma.o
 .debug_macro   0x00027d29      0x2e1 ./Drivers/STM32F7xx_HAL_Driver/Src/stm32f7xx_hal_eth.o
 .debug_macro   0x0002800a      0x20d ./Drivers/STM32F7xx_HAL_Driver/Src/stm32f7xx_hal_gpio.o
 .debug_macro   0x00028217      0x213 ./Drivers/STM32F7xx_HAL_Driver/Src/stm32f7xx_hal_pcd.o
 .debug_macro   0x0002842a      0x207 ./Drivers/STM32F7xx_HAL_Driver/Src/stm32f7xx_hal_pcd_ex.o
 .debug_macro   0x00028631      0x21f ./Drivers/STM32F7xx_HAL_Driver/Src/stm32f7xx_hal_pwr_ex.o
 .debug_macro   0x00028850      0x22b ./Drivers/STM32F7xx_HAL_Driver/Src/stm32f7xx_hal_qspi.o
 .debug_macro   0x00028a7b      0x22b ./Drivers/STM32F7xx_HAL_Driver/Src/stm32f7xx_hal_rcc.o
 .debug_macro   0x00028ca6      0x207 ./Drivers/STM32F7xx_HAL_Driver/Src/stm32f7xx_hal_rcc_ex.o
 .debug_macro   0x00028ead      0x224 ./Drivers/STM32F7xx_HAL_Driver/Src/stm32f7xx_hal_uart.o
 .debug_macro   0x000290d1      0x207 ./Drivers/STM32F7xx_HAL_Driver/Src/stm32f7xx_ll_usb.o

.debug_line     0x00000000    0x13091
 .debug_line    0x00000000      0xb67 ./Core/Src/main.o
 .debug_line    0x00000b67      0xde4 ./Core/Src/qspi.o
 .debug_line    0x0000194b      0x982 ./Core/Src/stm32f7xx_hal_msp.o
 .debug_line    0x000022cd      0x8b9 ./Core/Src/stm32f7xx_it.o
 .debug_line    0x00002b86      0x839 ./Core/Src/system_stm32f7xx.o
 .debug_line    0x000033bf       0x7a ./Core/Startup/startup_stm32f767zitx.o
 .debug_line    0x00003439      0xb09 ./Drivers/STM32F7xx_HAL_Driver/Src/stm32f7xx_hal.o
 .debug_line    0x00003f42      0xd7b ./Drivers/STM32F7xx_HAL_Driver/Src/stm32f7xx_hal_cortex.o
 .debug_line    0x00004cbd     0x1028 ./Drivers/STM32F7xx_HAL_Driver/Src/stm32f7xx_hal_dma.o
 .debug_line    0x00005ce5     0x1a99 ./Drivers/STM32F7xx_HAL_Driver/Src/stm32f7xx_hal_eth.o
 .debug_line    0x0000777e      0xc5f ./Drivers/STM32F7xx_HAL_Driver/Src/stm32f7xx_hal_gpio.o
 .debug_line    0x000083dd     0x1531 ./Drivers/STM32F7xx_HAL_Driver/Src/stm32f7xx_hal_pcd.o
 .debug_line    0x0000990e      0x8d8 ./Drivers/STM32F7xx_HAL_Driver/Src/stm32f7xx_hal_pcd_ex.o
 .debug_line    0x0000a1e6      0xa5d ./Drivers/STM32F7xx_HAL_Driver/Src/stm32f7xx_hal_pwr_ex.o
 .debug_line    0x0000ac43     0x1566 ./Drivers/STM32F7xx_HAL_Driver/Src/stm32f7xx_hal_qspi.o
 .debug_line    0x0000c1a9      0xf39 ./Drivers/STM32F7xx_HAL_Driver/Src/stm32f7xx_hal_rcc.o
 .debug_line    0x0000d0e2      0xf10 ./Drivers/STM32F7xx_HAL_Driver/Src/stm32f7xx_hal_rcc_ex.o
 .debug_line    0x0000dff2     0x324a ./Drivers/STM32F7xx_HAL_Driver/Src/stm32f7xx_hal_uart.o
 .debug_line    0x0001123c     0x1e55 ./Drivers/STM32F7xx_HAL_Driver/Src/stm32f7xx_ll_usb.o

.debug_str      0x00000000    0xfc37f
 .debug_str     0x00000000    0xf7b2b ./Core/Src/main.o
                              0xf8363 (size before relaxing)
 .debug_str     0x000f7b2b      0x366 ./Core/Src/qspi.o
                              0xf698f (size before relaxing)
 .debug_str     0x000f7e91      0x375 ./Core/Src/stm32f7xx_hal_msp.o
                              0xf464e (size before relaxing)
 .debug_str     0x000f8206      0x13e ./Core/Src/stm32f7xx_it.o
                              0xf3132 (size before relaxing)
 .debug_str     0x000f8344      0x190 ./Core/Src/system_stm32f7xx.o
                              0xf2571 (size before relaxing)
 .debug_str     0x000f84d4       0x44 ./Core/Startup/startup_stm32f767zitx.o
                                 0x8d (size before relaxing)
 .debug_str     0x000f8518      0x451 ./Drivers/STM32F7xx_HAL_Driver/Src/stm32f7xx_hal.o
                              0xf2fb1 (size before relaxing)
 .debug_str     0x000f8969      0x34f ./Drivers/STM32F7xx_HAL_Driver/Src/stm32f7xx_hal_cortex.o
                              0xf2f93 (size before relaxing)
 .debug_str     0x000f8cb8      0x31d ./Drivers/STM32F7xx_HAL_Driver/Src/stm32f7xx_hal_dma.o
                              0xf28b0 (size before relaxing)
 .debug_str     0x000f8fd5     0x1222 ./Drivers/STM32F7xx_HAL_Driver/Src/stm32f7xx_hal_eth.o
                              0xf3d92 (size before relaxing)
 .debug_str     0x000fa1f7       0xab ./Drivers/STM32F7xx_HAL_Driver/Src/stm32f7xx_hal_gpio.o
                              0xf262f (size before relaxing)
 .debug_str     0x000fa2a2      0x81d ./Drivers/STM32F7xx_HAL_Driver/Src/stm32f7xx_hal_pcd.o
                              0xf2faa (size before relaxing)
 .debug_str     0x000faabf      0x12d ./Drivers/STM32F7xx_HAL_Driver/Src/stm32f7xx_hal_pcd_ex.o
                              0xf28ac (size before relaxing)
 .debug_str     0x000fabec      0x1d1 ./Drivers/STM32F7xx_HAL_Driver/Src/stm32f7xx_hal_pwr_ex.o
                              0xf27e0 (size before relaxing)
 .debug_str     0x000fadbd      0x549 ./Drivers/STM32F7xx_HAL_Driver/Src/stm32f7xx_hal_qspi.o
                              0xf2f0c (size before relaxing)
 .debug_str     0x000fb306      0x23a ./Drivers/STM32F7xx_HAL_Driver/Src/stm32f7xx_hal_rcc.o
                              0xf28ec (size before relaxing)
 .debug_str     0x000fb540      0x13f ./Drivers/STM32F7xx_HAL_Driver/Src/stm32f7xx_hal_rcc_ex.o
                              0xf284f (size before relaxing)
 .debug_str     0x000fb67f      0x855 ./Drivers/STM32F7xx_HAL_Driver/Src/stm32f7xx_hal_uart.o
                              0xf323a (size before relaxing)
 .debug_str     0x000fbed4      0x4ab ./Drivers/STM32F7xx_HAL_Driver/Src/stm32f7xx_ll_usb.o
                              0xf2e87 (size before relaxing)

.comment        0x00000000       0x43
 .comment       0x00000000       0x43 ./Core/Src/main.o
                                 0x44 (size before relaxing)
 .comment       0x00000043       0x44 ./Core/Src/qspi.o
 .comment       0x00000043       0x44 ./Core/Src/stm32f7xx_hal_msp.o
 .comment       0x00000043       0x44 ./Core/Src/stm32f7xx_it.o
 .comment       0x00000043       0x44 ./Core/Src/system_stm32f7xx.o
 .comment       0x00000043       0x44 ./Drivers/STM32F7xx_HAL_Driver/Src/stm32f7xx_hal.o
 .comment       0x00000043       0x44 ./Drivers/STM32F7xx_HAL_Driver/Src/stm32f7xx_hal_cortex.o
 .comment       0x00000043       0x44 ./Drivers/STM32F7xx_HAL_Driver/Src/stm32f7xx_hal_dma.o
 .comment       0x00000043       0x44 ./Drivers/STM32F7xx_HAL_Driver/Src/stm32f7xx_hal_eth.o
 .comment       0x00000043       0x44 ./Drivers/STM32F7xx_HAL_Driver/Src/stm32f7xx_hal_gpio.o
 .comment       0x00000043       0x44 ./Drivers/STM32F7xx_HAL_Driver/Src/stm32f7xx_hal_pcd.o
 .comment       0x00000043       0x44 ./Drivers/STM32F7xx_HAL_Driver/Src/stm32f7xx_hal_pcd_ex.o
 .comment       0x00000043       0x44 ./Drivers/STM32F7xx_HAL_Driver/Src/stm32f7xx_hal_pwr_ex.o
 .comment       0x00000043       0x44 ./Drivers/STM32F7xx_HAL_Driver/Src/stm32f7xx_hal_qspi.o
 .comment       0x00000043       0x44 ./Drivers/STM32F7xx_HAL_Driver/Src/stm32f7xx_hal_rcc.o
 .comment       0x00000043       0x44 ./Drivers/STM32F7xx_HAL_Driver/Src/stm32f7xx_hal_rcc_ex.o
 .comment       0x00000043       0x44 ./Drivers/STM32F7xx_HAL_Driver/Src/stm32f7xx_hal_uart.o
 .comment       0x00000043       0x44 ./Drivers/STM32F7xx_HAL_Driver/Src/stm32f7xx_ll_usb.o

.debug_frame    0x00000000     0x3fe8
 .debug_frame   0x00000000      0x100 ./Core/Src/main.o
 .debug_frame   0x00000100      0x238 ./Core/Src/qspi.o
 .debug_frame   0x00000338      0x160 ./Core/Src/stm32f7xx_hal_msp.o
 .debug_frame   0x00000498      0x13c ./Core/Src/stm32f7xx_it.o
 .debug_frame   0x000005d4       0x58 ./Core/Src/system_stm32f7xx.o
 .debug_frame   0x0000062c      0x3f4 ./Drivers/STM32F7xx_HAL_Driver/Src/stm32f7xx_hal.o
 .debug_frame   0x00000a20      0x4e8 ./Drivers/STM32F7xx_HAL_Driver/Src/stm32f7xx_hal_cortex.o
 .debug_frame   0x00000f08      0x250 ./Drivers/STM32F7xx_HAL_Driver/Src/stm32f7xx_hal_dma.o
 .debug_frame   0x00001158      0x898 ./Drivers/STM32F7xx_HAL_Driver/Src/stm32f7xx_hal_eth.o
 .debug_frame   0x000019f0      0x14c ./Drivers/STM32F7xx_HAL_Driver/Src/stm32f7xx_hal_gpio.o
 .debug_frame   0x00001b3c      0x5b8 ./Drivers/STM32F7xx_HAL_Driver/Src/stm32f7xx_hal_pcd.o
 .debug_frame   0x000020f4      0x100 ./Drivers/STM32F7xx_HAL_Driver/Src/stm32f7xx_hal_pcd_ex.o
 .debug_frame   0x000021f4      0x1c8 ./Drivers/STM32F7xx_HAL_Driver/Src/stm32f7xx_hal_pwr_ex.o
 .debug_frame   0x000023bc      0x6a0 ./Drivers/STM32F7xx_HAL_Driver/Src/stm32f7xx_hal_qspi.o
 .debug_frame   0x00002a5c      0x1f8 ./Drivers/STM32F7xx_HAL_Driver/Src/stm32f7xx_hal_rcc.o
 .debug_frame   0x00002c54      0x118 ./Drivers/STM32F7xx_HAL_Driver/Src/stm32f7xx_hal_rcc_ex.o
 .debug_frame   0x00002d6c      0xa10 ./Drivers/STM32F7xx_HAL_Driver/Src/stm32f7xx_hal_uart.o
 .debug_frame   0x0000377c      0x7c0 ./Drivers/STM32F7xx_HAL_Driver/Src/stm32f7xx_ll_usb.o
 .debug_frame   0x00003f3c       0x20 C:/ST/STM32CubeIDE_1.17.0/STM32CubeIDE/plugins/com.st.stm32cube.ide.mcu.externaltools.gnu-tools-for-stm32.12.3.rel1.win32_1.1.0.202410251130/tools/bin/../lib/gcc/arm-none-eabi/12.3.1/../../../../arm-none-eabi/lib/thumb/v7e-m+dp/hard\libc_nano.a(libc_a-memset.o)
 .debug_frame   0x00003f5c       0x2c C:/ST/STM32CubeIDE_1.17.0/STM32CubeIDE/plugins/com.st.stm32cube.ide.mcu.externaltools.gnu-tools-for-stm32.12.3.rel1.win32_1.1.0.202410251130/tools/bin/../lib/gcc/arm-none-eabi/12.3.1/../../../../arm-none-eabi/lib/thumb/v7e-m+dp/hard\libc_nano.a(libc_a-init.o)
 .debug_frame   0x00003f88       0x2c C:/ST/STM32CubeIDE_1.17.0/STM32CubeIDE/plugins/com.st.stm32cube.ide.mcu.externaltools.gnu-tools-for-stm32.12.3.rel1.win32_1.1.0.202410251130/tools/bin/../lib/gcc/arm-none-eabi/12.3.1/thumb/v7e-m+dp/hard\libgcc.a(_aeabi_uldivmod.o)
 .debug_frame   0x00003fb4       0x34 C:/ST/STM32CubeIDE_1.17.0/STM32CubeIDE/plugins/com.st.stm32cube.ide.mcu.externaltools.gnu-tools-for-stm32.12.3.rel1.win32_1.1.0.202410251130/tools/bin/../lib/gcc/arm-none-eabi/12.3.1/thumb/v7e-m+dp/hard\libgcc.a(_udivmoddi4.o)

.debug_line_str
                0x00000000       0x71
 .debug_line_str
                0x00000000       0x71 ./Core/Startup/startup_stm32f767zitx.o
