../Core/Src/stm32f7xx_hal_msp.c:63:6:HAL_MspInit	8	static
../Core/Src/stm32f7xx_hal_msp.c:86:6:HAL_ETH_MspInit	72	static
../Core/Src/stm32f7xx_hal_msp.c:154:6:HAL_ETH_MspDeInit	8	static
../Core/Src/stm32f7xx_hal_msp.c:196:6:HAL_QSPI_MspInit	56	static
../Core/Src/stm32f7xx_hal_msp.c:255:6:HAL_QSPI_MspDeInit	8	static
../Core/Src/stm32f7xx_hal_msp.c:293:6:HAL_UART_MspInit	184	static
../Core/Src/stm32f7xx_hal_msp.c:341:6:HAL_UART_MspDeInit	0	static
../Core/Src/stm32f7xx_hal_msp.c:370:6:HAL_PCD_MspInit	192	static
../Core/Src/stm32f7xx_hal_msp.c:425:6:HAL_PCD_MspDeInit	0	static
